
exports[`helpers methodNameToSnakeCase should return the correct snake case method name 1`] = `"actionForScrollInDirectionAmountXOriginStartPercentageYOriginStartPercentage"`;
